
==== CuTile IR for copy_matrix_kernel==== 

(A_0: Tile[PointerTy(pointee_type=<DType 'float32'>),()], A_1: Tile[int32,()], A_2: Tile[int32,()], A_3: Tile[int32,()], A_4: Tile[int32,()], B_0: Tile[PointerTy(pointee_type=<DType 'float32'>),()], B_1: Tile[int32,()], B_2: Tile[int32,()], B_3: Tile[int32,()], B_4: Tile[int32,()], tM: Tile[int32,()], tN: Tile[int32,()]):
$token: Token = make_token()
$2: Tile[PointerTy(pointee_type=<DType 'float32'>),()] = assume_div_by(x=A_0, divisor=16)
$3: Tile[int32,()] = assume_bounded(x=A_1, lower_bound=0, upper_bound=None)
$4: Tile[int32,()] = assume_bounded(x=A_2, lower_bound=0, upper_bound=None)
$5: Tile[int32,()] = assume_bounded(x=A_3, lower_bound=0, upper_bound=None)
A{$2, $3, $4, $5, A_4}: Array[float32,(?,?):(?,1)] = make_tensor_view(base_ptr=$2, shape=($3, $4), dynamic_strides=($5))
$6: Tile[PointerTy(pointee_type=<DType 'float32'>),()] = assume_div_by(x=B_0, divisor=16)
$7: Tile[int32,()] = assume_bounded(x=B_1, lower_bound=0, upper_bound=None)
$8: Tile[int32,()] = assume_bounded(x=B_2, lower_bound=0, upper_bound=None)
$9: Tile[int32,()] = assume_bounded(x=B_3, lower_bound=0, upper_bound=None)
B{$6, $7, $8, $9, B_4}: Array[float32,(?,?):(?,1)] = make_tensor_view(base_ptr=$6, shape=($7, $8), dynamic_strides=($9))
$19: Tile[int32,()] = tile_bid(axis=0)
$32: Tile[int32,()] = tile_bid(axis=1)
$68: Tile[float32,(16,16)], $token.0: Token = tile_load_token_ordered(array=A{$2, $3, $4, $5, A_4}, index=($19, $32), token=$token, order=(0, 1), padding_mode=PaddingMode.ZERO, latency=None, allow_tma=None)
$token.2: Token = tile_store_token_ordered(array=B{$6, $7, $8, $9, B_4}, index=($19, $32), tile=$68, token=$token, order=(0, 1), latency=None, allow_tma=None)
return



==== CuTile IR for copy_matrix_kernel==== 

(A_0: Tile[PointerTy(pointee_type=<DType 'float32'>),()], A_1: Tile[int32,()], A_2: Tile[int32,()], A_3: Tile[int32,()], A_4: Tile[int32,()], B_0: Tile[PointerTy(pointee_type=<DType 'float32'>),()], B_1: Tile[int32,()], B_2: Tile[int32,()], B_3: Tile[int32,()], B_4: Tile[int32,()], tM: Tile[int32,()], tN: Tile[int32,()]):
$token: Token = make_token()
$2: Tile[PointerTy(pointee_type=<DType 'float32'>),()] = assume_div_by(x=A_0, divisor=16)
$3: Tile[int32,()] = assume_bounded(x=A_1, lower_bound=0, upper_bound=None)
$4: Tile[int32,()] = assume_div_by(x=$3, divisor=16)
$5: Tile[int32,()] = assume_bounded(x=A_2, lower_bound=0, upper_bound=None)
$6: Tile[int32,()] = assume_div_by(x=$5, divisor=16)
$7: Tile[int32,()] = assume_bounded(x=A_3, lower_bound=0, upper_bound=None)
$8: Tile[int32,()] = assume_div_by(x=$7, divisor=4)
A{$2, $4, $6, $8, A_4}: Array[float32,(?,?):(?,1)] = make_tensor_view(base_ptr=$2, shape=($4, $6), dynamic_strides=($8))
$9: Tile[PointerTy(pointee_type=<DType 'float32'>),()] = assume_div_by(x=B_0, divisor=16)
$10: Tile[int32,()] = assume_bounded(x=B_1, lower_bound=0, upper_bound=None)
$11: Tile[int32,()] = assume_div_by(x=$10, divisor=16)
$12: Tile[int32,()] = assume_bounded(x=B_2, lower_bound=0, upper_bound=None)
$13: Tile[int32,()] = assume_div_by(x=$12, divisor=16)
$14: Tile[int32,()] = assume_bounded(x=B_3, lower_bound=0, upper_bound=None)
$15: Tile[int32,()] = assume_div_by(x=$14, divisor=4)
B{$9, $11, $13, $15, B_4}: Array[float32,(?,?):(?,1)] = make_tensor_view(base_ptr=$9, shape=($11, $13), dynamic_strides=($15))
$25: Tile[int32,()] = tile_bid(axis=0)
$38: Tile[int32,()] = tile_bid(axis=1)
$74: Tile[float32,(64,16)], $token.0: Token = tile_load_token_ordered(array=A{$2, $4, $6, $8, A_4}, index=($25, $38), token=$token, order=(0, 1), padding_mode=PaddingMode.ZERO, latency=None, allow_tma=None)
$token.2: Token = tile_store_token_ordered(array=B{$9, $11, $13, $15, B_4}, index=($25, $38), tile=$74, token=$token, order=(0, 1), latency=None, allow_tma=None)
return



==== CuTile IR for copy_matrix_kernel==== 

(A_0: Tile[PointerTy(pointee_type=<DType 'float32'>),()], A_1: Tile[int32,()], A_2: Tile[int32,()], A_3: Tile[int32,()], A_4: Tile[int32,()], B_0: Tile[PointerTy(pointee_type=<DType 'float32'>),()], B_1: Tile[int32,()], B_2: Tile[int32,()], B_3: Tile[int32,()], B_4: Tile[int32,()], tM: Tile[int32,()], tN: Tile[int32,()]):
$token: Token = make_token()
$2: Tile[PointerTy(pointee_type=<DType 'float32'>),()] = assume_div_by(x=A_0, divisor=16)
$3: Tile[int32,()] = assume_bounded(x=A_1, lower_bound=0, upper_bound=None)
$4: Tile[int32,()] = assume_div_by(x=$3, divisor=16)
$5: Tile[int32,()] = assume_bounded(x=A_2, lower_bound=0, upper_bound=None)
$6: Tile[int32,()] = assume_bounded(x=A_3, lower_bound=0, upper_bound=None)
A{$2, $4, $5, $6, A_4}: Array[float32,(?,?):(?,1)] = make_tensor_view(base_ptr=$2, shape=($4, $5), dynamic_strides=($6))
$7: Tile[PointerTy(pointee_type=<DType 'float32'>),()] = assume_div_by(x=B_0, divisor=16)
$8: Tile[int32,()] = assume_bounded(x=B_1, lower_bound=0, upper_bound=None)
$9: Tile[int32,()] = assume_div_by(x=$8, divisor=16)
$10: Tile[int32,()] = assume_bounded(x=B_2, lower_bound=0, upper_bound=None)
$11: Tile[int32,()] = assume_bounded(x=B_3, lower_bound=0, upper_bound=None)
B{$7, $9, $10, $11, B_4}: Array[float32,(?,?):(?,1)] = make_tensor_view(base_ptr=$7, shape=($9, $10), dynamic_strides=($11))
$21: Tile[int32,()] = tile_bid(axis=0)
$34: Tile[int32,()] = tile_bid(axis=1)
$70: Tile[float32,(64,32)], $token.0: Token = tile_load_token_ordered(array=A{$2, $4, $5, $6, A_4}, index=($21, $34), token=$token, order=(0, 1), padding_mode=PaddingMode.ZERO, latency=None, allow_tma=None)
$token.2: Token = tile_store_token_ordered(array=B{$7, $9, $10, $11, B_4}, index=($21, $34), tile=$70, token=$token, order=(0, 1), latency=None, allow_tma=None)
return



==== CuTile IR for copy_matrix_kernel==== 

(A_0: Tile[PointerTy(pointee_type=<DType 'float32'>),()], A_1: Tile[int32,()], A_2: Tile[int32,()], A_3: Tile[int32,()], A_4: Tile[int32,()], B_0: Tile[PointerTy(pointee_type=<DType 'float32'>),()], B_1: Tile[int32,()], B_2: Tile[int32,()], B_3: Tile[int32,()], B_4: Tile[int32,()], tM: Tile[int32,()], tN: Tile[int32,()]):
$token: Token = make_token()
$2: Tile[PointerTy(pointee_type=<DType 'float32'>),()] = assume_div_by(x=A_0, divisor=16)
$3: Tile[int32,()] = assume_bounded(x=A_1, lower_bound=0, upper_bound=None)
$4: Tile[int32,()] = assume_div_by(x=$3, divisor=16)
$5: Tile[int32,()] = assume_bounded(x=A_2, lower_bound=0, upper_bound=None)
$6: Tile[int32,()] = assume_bounded(x=A_3, lower_bound=0, upper_bound=None)
$7: Tile[int32,()] = assume_div_by(x=$6, divisor=4)
A{$2, $4, $5, $7, A_4}: Array[float32,(?,?):(?,1)] = make_tensor_view(base_ptr=$2, shape=($4, $5), dynamic_strides=($7))
$8: Tile[PointerTy(pointee_type=<DType 'float32'>),()] = assume_div_by(x=B_0, divisor=16)
$9: Tile[int32,()] = assume_bounded(x=B_1, lower_bound=0, upper_bound=None)
$10: Tile[int32,()] = assume_div_by(x=$9, divisor=16)
$11: Tile[int32,()] = assume_bounded(x=B_2, lower_bound=0, upper_bound=None)
$12: Tile[int32,()] = assume_bounded(x=B_3, lower_bound=0, upper_bound=None)
$13: Tile[int32,()] = assume_div_by(x=$12, divisor=4)
B{$8, $10, $11, $13, B_4}: Array[float32,(?,?):(?,1)] = make_tensor_view(base_ptr=$8, shape=($10, $11), dynamic_strides=($13))
$23: Tile[int32,()] = tile_bid(axis=0)
$36: Tile[int32,()] = tile_bid(axis=1)
$72: Tile[float32,(64,32)], $token.0: Token = tile_load_token_ordered(array=A{$2, $4, $5, $7, A_4}, index=($23, $36), token=$token, order=(0, 1), padding_mode=PaddingMode.ZERO, latency=None, allow_tma=None)
$token.2: Token = tile_store_token_ordered(array=B{$8, $10, $11, $13, B_4}, index=($23, $36), tile=$72, token=$token, order=(0, 1), latency=None, allow_tma=None)
return



==== CuTile IR for copy_matrix_kernel==== 

(A_0: Tile[PointerTy(pointee_type=<DType 'float32'>),()], A_1: Tile[int32,()], A_2: Tile[int32,()], A_3: Tile[int32,()], A_4: Tile[int32,()], B_0: Tile[PointerTy(pointee_type=<DType 'float32'>),()], B_1: Tile[int32,()], B_2: Tile[int32,()], B_3: Tile[int32,()], B_4: Tile[int32,()], tM: Tile[int32,()], tN: Tile[int32,()]):
$token: Token = make_token()
$2: Tile[PointerTy(pointee_type=<DType 'float32'>),()] = assume_div_by(x=A_0, divisor=16)
$3: Tile[int32,()] = assume_bounded(x=A_1, lower_bound=0, upper_bound=None)
$4: Tile[int32,()] = assume_div_by(x=$3, divisor=16)
$5: Tile[int32,()] = assume_bounded(x=A_2, lower_bound=0, upper_bound=None)
$6: Tile[int32,()] = assume_div_by(x=$5, divisor=16)
$7: Tile[int32,()] = assume_bounded(x=A_3, lower_bound=0, upper_bound=None)
$8: Tile[int32,()] = assume_div_by(x=$7, divisor=4)
A{$2, $4, $6, $8, A_4}: Array[float32,(?,?):(?,1)] = make_tensor_view(base_ptr=$2, shape=($4, $6), dynamic_strides=($8))
$9: Tile[PointerTy(pointee_type=<DType 'float32'>),()] = assume_div_by(x=B_0, divisor=16)
$10: Tile[int32,()] = assume_bounded(x=B_1, lower_bound=0, upper_bound=None)
$11: Tile[int32,()] = assume_div_by(x=$10, divisor=16)
$12: Tile[int32,()] = assume_bounded(x=B_2, lower_bound=0, upper_bound=None)
$13: Tile[int32,()] = assume_div_by(x=$12, divisor=16)
$14: Tile[int32,()] = assume_bounded(x=B_3, lower_bound=0, upper_bound=None)
$15: Tile[int32,()] = assume_div_by(x=$14, divisor=4)
B{$9, $11, $13, $15, B_4}: Array[float32,(?,?):(?,1)] = make_tensor_view(base_ptr=$9, shape=($11, $13), dynamic_strides=($15))
$25: Tile[int32,()] = tile_bid(axis=0)
$38: Tile[int32,()] = tile_bid(axis=1)
$74: Tile[float32,(64,32)], $token.0: Token = tile_load_token_ordered(array=A{$2, $4, $6, $8, A_4}, index=($25, $38), token=$token, order=(0, 1), padding_mode=PaddingMode.ZERO, latency=None, allow_tma=None)
$token.2: Token = tile_store_token_ordered(array=B{$9, $11, $13, $15, B_4}, index=($25, $38), tile=$74, token=$token, order=(0, 1), latency=None, allow_tma=None)
return



==== CuTile IR for copy_matrix_kernel==== 

(A_0: Tile[PointerTy(pointee_type=<DType 'float32'>),()], A_1: Tile[int32,()], A_2: Tile[int32,()], A_3: Tile[int32,()], A_4: Tile[int32,()], B_0: Tile[PointerTy(pointee_type=<DType 'float32'>),()], B_1: Tile[int32,()], B_2: Tile[int32,()], B_3: Tile[int32,()], B_4: Tile[int32,()], tM: Tile[int32,()], tN: Tile[int32,()]):
$token: Token = make_token()
$2: Tile[PointerTy(pointee_type=<DType 'float32'>),()] = assume_div_by(x=A_0, divisor=16)
$3: Tile[int32,()] = assume_bounded(x=A_1, lower_bound=0, upper_bound=None)
$4: Tile[int32,()] = assume_div_by(x=$3, divisor=16)
$5: Tile[int32,()] = assume_bounded(x=A_2, lower_bound=0, upper_bound=None)
$6: Tile[int32,()] = assume_bounded(x=A_3, lower_bound=0, upper_bound=None)
A{$2, $4, $5, $6, A_4}: Array[float32,(?,?):(?,1)] = make_tensor_view(base_ptr=$2, shape=($4, $5), dynamic_strides=($6))
$7: Tile[PointerTy(pointee_type=<DType 'float32'>),()] = assume_div_by(x=B_0, divisor=16)
$8: Tile[int32,()] = assume_bounded(x=B_1, lower_bound=0, upper_bound=None)
$9: Tile[int32,()] = assume_div_by(x=$8, divisor=16)
$10: Tile[int32,()] = assume_bounded(x=B_2, lower_bound=0, upper_bound=None)
$11: Tile[int32,()] = assume_bounded(x=B_3, lower_bound=0, upper_bound=None)
B{$7, $9, $10, $11, B_4}: Array[float32,(?,?):(?,1)] = make_tensor_view(base_ptr=$7, shape=($9, $10), dynamic_strides=($11))
$21: Tile[int32,()] = tile_bid(axis=0)
$34: Tile[int32,()] = tile_bid(axis=1)
$70: Tile[float32,(64,64)], $token.0: Token = tile_load_token_ordered(array=A{$2, $4, $5, $6, A_4}, index=($21, $34), token=$token, order=(0, 1), padding_mode=PaddingMode.ZERO, latency=None, allow_tma=None)
$token.2: Token = tile_store_token_ordered(array=B{$7, $9, $10, $11, B_4}, index=($21, $34), tile=$70, token=$token, order=(0, 1), latency=None, allow_tma=None)
return



==== CuTile IR for copy_matrix_kernel==== 

(A_0: Tile[PointerTy(pointee_type=<DType 'float32'>),()], A_1: Tile[int32,()], A_2: Tile[int32,()], A_3: Tile[int32,()], A_4: Tile[int32,()], B_0: Tile[PointerTy(pointee_type=<DType 'float32'>),()], B_1: Tile[int32,()], B_2: Tile[int32,()], B_3: Tile[int32,()], B_4: Tile[int32,()], tM: Tile[int32,()], tN: Tile[int32,()]):
$token: Token = make_token()
$2: Tile[PointerTy(pointee_type=<DType 'float32'>),()] = assume_div_by(x=A_0, divisor=16)
$3: Tile[int32,()] = assume_bounded(x=A_1, lower_bound=0, upper_bound=None)
$4: Tile[int32,()] = assume_div_by(x=$3, divisor=16)
$5: Tile[int32,()] = assume_bounded(x=A_2, lower_bound=0, upper_bound=None)
$6: Tile[int32,()] = assume_bounded(x=A_3, lower_bound=0, upper_bound=None)
$7: Tile[int32,()] = assume_div_by(x=$6, divisor=4)
A{$2, $4, $5, $7, A_4}: Array[float32,(?,?):(?,1)] = make_tensor_view(base_ptr=$2, shape=($4, $5), dynamic_strides=($7))
$8: Tile[PointerTy(pointee_type=<DType 'float32'>),()] = assume_div_by(x=B_0, divisor=16)
$9: Tile[int32,()] = assume_bounded(x=B_1, lower_bound=0, upper_bound=None)
$10: Tile[int32,()] = assume_div_by(x=$9, divisor=16)
$11: Tile[int32,()] = assume_bounded(x=B_2, lower_bound=0, upper_bound=None)
$12: Tile[int32,()] = assume_bounded(x=B_3, lower_bound=0, upper_bound=None)
$13: Tile[int32,()] = assume_div_by(x=$12, divisor=4)
B{$8, $10, $11, $13, B_4}: Array[float32,(?,?):(?,1)] = make_tensor_view(base_ptr=$8, shape=($10, $11), dynamic_strides=($13))
$23: Tile[int32,()] = tile_bid(axis=0)
$36: Tile[int32,()] = tile_bid(axis=1)
$72: Tile[float32,(64,64)], $token.0: Token = tile_load_token_ordered(array=A{$2, $4, $5, $7, A_4}, index=($23, $36), token=$token, order=(0, 1), padding_mode=PaddingMode.ZERO, latency=None, allow_tma=None)
$token.2: Token = tile_store_token_ordered(array=B{$8, $10, $11, $13, B_4}, index=($23, $36), tile=$72, token=$token, order=(0, 1), latency=None, allow_tma=None)
return



==== CuTile IR for copy_matrix_kernel==== 

(A_0: Tile[PointerTy(pointee_type=<DType 'float32'>),()], A_1: Tile[int32,()], A_2: Tile[int32,()], A_3: Tile[int32,()], A_4: Tile[int32,()], B_0: Tile[PointerTy(pointee_type=<DType 'float32'>),()], B_1: Tile[int32,()], B_2: Tile[int32,()], B_3: Tile[int32,()], B_4: Tile[int32,()], tM: Tile[int32,()], tN: Tile[int32,()]):
$token: Token = make_token()
$2: Tile[PointerTy(pointee_type=<DType 'float32'>),()] = assume_div_by(x=A_0, divisor=16)
$3: Tile[int32,()] = assume_bounded(x=A_1, lower_bound=0, upper_bound=None)
$4: Tile[int32,()] = assume_div_by(x=$3, divisor=16)
$5: Tile[int32,()] = assume_bounded(x=A_2, lower_bound=0, upper_bound=None)
$6: Tile[int32,()] = assume_div_by(x=$5, divisor=16)
$7: Tile[int32,()] = assume_bounded(x=A_3, lower_bound=0, upper_bound=None)
$8: Tile[int32,()] = assume_div_by(x=$7, divisor=4)
A{$2, $4, $6, $8, A_4}: Array[float32,(?,?):(?,1)] = make_tensor_view(base_ptr=$2, shape=($4, $6), dynamic_strides=($8))
$9: Tile[PointerTy(pointee_type=<DType 'float32'>),()] = assume_div_by(x=B_0, divisor=16)
$10: Tile[int32,()] = assume_bounded(x=B_1, lower_bound=0, upper_bound=None)
$11: Tile[int32,()] = assume_div_by(x=$10, divisor=16)
$12: Tile[int32,()] = assume_bounded(x=B_2, lower_bound=0, upper_bound=None)
$13: Tile[int32,()] = assume_div_by(x=$12, divisor=16)
$14: Tile[int32,()] = assume_bounded(x=B_3, lower_bound=0, upper_bound=None)
$15: Tile[int32,()] = assume_div_by(x=$14, divisor=4)
B{$9, $11, $13, $15, B_4}: Array[float32,(?,?):(?,1)] = make_tensor_view(base_ptr=$9, shape=($11, $13), dynamic_strides=($15))
$25: Tile[int32,()] = tile_bid(axis=0)
$38: Tile[int32,()] = tile_bid(axis=1)
$74: Tile[float32,(64,64)], $token.0: Token = tile_load_token_ordered(array=A{$2, $4, $6, $8, A_4}, index=($25, $38), token=$token, order=(0, 1), padding_mode=PaddingMode.ZERO, latency=None, allow_tma=None)
$token.2: Token = tile_store_token_ordered(array=B{$9, $11, $13, $15, B_4}, index=($25, $38), tile=$74, token=$token, order=(0, 1), latency=None, allow_tma=None)
return



==== CuTile IR for copy_matrix_kernel==== 

(A_0: Tile[PointerTy(pointee_type=<DType 'float32'>),()], A_1: Tile[int32,()], A_2: Tile[int32,()], A_3: Tile[int32,()], A_4: Tile[int32,()], B_0: Tile[PointerTy(pointee_type=<DType 'float32'>),()], B_1: Tile[int32,()], B_2: Tile[int32,()], B_3: Tile[int32,()], B_4: Tile[int32,()], tM: Tile[int32,()], tN: Tile[int32,()]):
$token: Token = make_token()
$2: Tile[PointerTy(pointee_type=<DType 'float32'>),()] = assume_div_by(x=A_0, divisor=16)
$3: Tile[int32,()] = assume_bounded(x=A_1, lower_bound=0, upper_bound=None)
$4: Tile[int32,()] = assume_div_by(x=$3, divisor=16)
$5: Tile[int32,()] = assume_bounded(x=A_2, lower_bound=0, upper_bound=None)
$6: Tile[int32,()] = assume_bounded(x=A_3, lower_bound=0, upper_bound=None)
A{$2, $4, $5, $6, A_4}: Array[float32,(?,?):(?,1)] = make_tensor_view(base_ptr=$2, shape=($4, $5), dynamic_strides=($6))
$7: Tile[PointerTy(pointee_type=<DType 'float32'>),()] = assume_div_by(x=B_0, divisor=16)
$8: Tile[int32,()] = assume_bounded(x=B_1, lower_bound=0, upper_bound=None)
$9: Tile[int32,()] = assume_div_by(x=$8, divisor=16)
$10: Tile[int32,()] = assume_bounded(x=B_2, lower_bound=0, upper_bound=None)
$11: Tile[int32,()] = assume_bounded(x=B_3, lower_bound=0, upper_bound=None)
B{$7, $9, $10, $11, B_4}: Array[float32,(?,?):(?,1)] = make_tensor_view(base_ptr=$7, shape=($9, $10), dynamic_strides=($11))
$21: Tile[int32,()] = tile_bid(axis=0)
$34: Tile[int32,()] = tile_bid(axis=1)
$70: Tile[float32,(64,128)], $token.0: Token = tile_load_token_ordered(array=A{$2, $4, $5, $6, A_4}, index=($21, $34), token=$token, order=(0, 1), padding_mode=PaddingMode.ZERO, latency=None, allow_tma=None)
$token.2: Token = tile_store_token_ordered(array=B{$7, $9, $10, $11, B_4}, index=($21, $34), tile=$70, token=$token, order=(0, 1), latency=None, allow_tma=None)
return



==== CuTile IR for copy_matrix_kernel==== 

(A_0: Tile[PointerTy(pointee_type=<DType 'float32'>),()], A_1: Tile[int32,()], A_2: Tile[int32,()], A_3: Tile[int32,()], A_4: Tile[int32,()], B_0: Tile[PointerTy(pointee_type=<DType 'float32'>),()], B_1: Tile[int32,()], B_2: Tile[int32,()], B_3: Tile[int32,()], B_4: Tile[int32,()], tM: Tile[int32,()], tN: Tile[int32,()]):
$token: Token = make_token()
$2: Tile[PointerTy(pointee_type=<DType 'float32'>),()] = assume_div_by(x=A_0, divisor=16)
$3: Tile[int32,()] = assume_bounded(x=A_1, lower_bound=0, upper_bound=None)
$4: Tile[int32,()] = assume_div_by(x=$3, divisor=16)
$5: Tile[int32,()] = assume_bounded(x=A_2, lower_bound=0, upper_bound=None)
$6: Tile[int32,()] = assume_bounded(x=A_3, lower_bound=0, upper_bound=None)
$7: Tile[int32,()] = assume_div_by(x=$6, divisor=4)
A{$2, $4, $5, $7, A_4}: Array[float32,(?,?):(?,1)] = make_tensor_view(base_ptr=$2, shape=($4, $5), dynamic_strides=($7))
$8: Tile[PointerTy(pointee_type=<DType 'float32'>),()] = assume_div_by(x=B_0, divisor=16)
$9: Tile[int32,()] = assume_bounded(x=B_1, lower_bound=0, upper_bound=None)
$10: Tile[int32,()] = assume_div_by(x=$9, divisor=16)
$11: Tile[int32,()] = assume_bounded(x=B_2, lower_bound=0, upper_bound=None)
$12: Tile[int32,()] = assume_bounded(x=B_3, lower_bound=0, upper_bound=None)
$13: Tile[int32,()] = assume_div_by(x=$12, divisor=4)
B{$8, $10, $11, $13, B_4}: Array[float32,(?,?):(?,1)] = make_tensor_view(base_ptr=$8, shape=($10, $11), dynamic_strides=($13))
$23: Tile[int32,()] = tile_bid(axis=0)
$36: Tile[int32,()] = tile_bid(axis=1)
$72: Tile[float32,(64,128)], $token.0: Token = tile_load_token_ordered(array=A{$2, $4, $5, $7, A_4}, index=($23, $36), token=$token, order=(0, 1), padding_mode=PaddingMode.ZERO, latency=None, allow_tma=None)
$token.2: Token = tile_store_token_ordered(array=B{$8, $10, $11, $13, B_4}, index=($23, $36), tile=$72, token=$token, order=(0, 1), latency=None, allow_tma=None)
return



==== CuTile IR for copy_matrix_kernel==== 

(A_0: Tile[PointerTy(pointee_type=<DType 'float32'>),()], A_1: Tile[int32,()], A_2: Tile[int32,()], A_3: Tile[int32,()], A_4: Tile[int32,()], B_0: Tile[PointerTy(pointee_type=<DType 'float32'>),()], B_1: Tile[int32,()], B_2: Tile[int32,()], B_3: Tile[int32,()], B_4: Tile[int32,()], tM: Tile[int32,()], tN: Tile[int32,()]):
$token: Token = make_token()
$2: Tile[PointerTy(pointee_type=<DType 'float32'>),()] = assume_div_by(x=A_0, divisor=16)
$3: Tile[int32,()] = assume_bounded(x=A_1, lower_bound=0, upper_bound=None)
$4: Tile[int32,()] = assume_div_by(x=$3, divisor=16)
$5: Tile[int32,()] = assume_bounded(x=A_2, lower_bound=0, upper_bound=None)
$6: Tile[int32,()] = assume_div_by(x=$5, divisor=16)
$7: Tile[int32,()] = assume_bounded(x=A_3, lower_bound=0, upper_bound=None)
$8: Tile[int32,()] = assume_div_by(x=$7, divisor=4)
A{$2, $4, $6, $8, A_4}: Array[float32,(?,?):(?,1)] = make_tensor_view(base_ptr=$2, shape=($4, $6), dynamic_strides=($8))
$9: Tile[PointerTy(pointee_type=<DType 'float32'>),()] = assume_div_by(x=B_0, divisor=16)
$10: Tile[int32,()] = assume_bounded(x=B_1, lower_bound=0, upper_bound=None)
$11: Tile[int32,()] = assume_div_by(x=$10, divisor=16)
$12: Tile[int32,()] = assume_bounded(x=B_2, lower_bound=0, upper_bound=None)
$13: Tile[int32,()] = assume_div_by(x=$12, divisor=16)
$14: Tile[int32,()] = assume_bounded(x=B_3, lower_bound=0, upper_bound=None)
$15: Tile[int32,()] = assume_div_by(x=$14, divisor=4)
B{$9, $11, $13, $15, B_4}: Array[float32,(?,?):(?,1)] = make_tensor_view(base_ptr=$9, shape=($11, $13), dynamic_strides=($15))
$25: Tile[int32,()] = tile_bid(axis=0)
$38: Tile[int32,()] = tile_bid(axis=1)
$74: Tile[float32,(64,128)], $token.0: Token = tile_load_token_ordered(array=A{$2, $4, $6, $8, A_4}, index=($25, $38), token=$token, order=(0, 1), padding_mode=PaddingMode.ZERO, latency=None, allow_tma=None)
$token.2: Token = tile_store_token_ordered(array=B{$9, $11, $13, $15, B_4}, index=($25, $38), tile=$74, token=$token, order=(0, 1), latency=None, allow_tma=None)
return


